#
# There is insufficient memory for the Java Runtime Environment to continue.
# Native memory allocation (mmap) failed to map 536870912 bytes for G1 virtual space
# Possible reasons:
#   The system is out of physical RAM or swap space
#   The process is running with CompressedOops enabled, and the Java Heap may be blocking the growth of the native heap
# Possible solutions:
#   Reduce memory load on the system
#   Increase physical memory or swap space
#   Check if swap backing store is full
#   Decrease Java heap size (-Xmx/-Xms)
#   Decrease number of Java threads
#   Decrease Java thread stack sizes (-Xss)
#   Set larger code cache with -XX:ReservedCodeCacheSize=
#   JVM is running with Zero Based Compressed Oops mode in which the Java heap is
#     placed in the first 32GB address space. The Java Heap base address is the
#     maximum limit for the native heap growth. Please use -XX:HeapBaseMinAddress
#     to set the Java Heap base and to place the Java Heap above 32GB virtual address.
# This output file may be truncated or incomplete.
#
#  Out of Memory Error (os_windows.cpp:3825), pid=84200, tid=10000
#
# JRE version:  (17.0.10+8) (build )
# Java VM: OpenJDK 64-Bit Server VM (17.0.10+8-b1207.12, mixed mode, sharing, tiered, compressed oops, compressed class ptrs, g1 gc, windows-amd64)
# No core dump will be written. Minidumps are not enabled by default on client versions of Windows
#

---------------  S U M M A R Y ------------

Command Line: externalApp.nativessh.NativeSshAskPassApp Enter passphrase for key '/c/Users/ghgmm/.ssh/id_rsa': 

Host: 11th Gen Intel(R) Core(TM) i5-11400F @ 2.60GHz, 12 cores, 31G,  Windows 11 , 64 bit Build 22621 (10.0.22621.5415)
Time: Wed Sep 24 18:34:38 2025 RTZ 4 (s 11 , 64 bit Build 22621 (10.0.22621.5415) elapsed time: 0.457889 seconds (0d 0h 0m 0s)

---------------  T H R E A D  ---------------

Current thread (0x000001b0278bfb70):  JavaThread "Unknown thread" [_thread_in_vm, id=10000, stack(0x00000034d6500000,0x00000034d6600000)]

Stack: [0x00000034d6500000,0x00000034d6600000]
Native frames: (J=compiled Java code, j=interpreted, Vv=VM code, C=native code)
V  [jvm.dll+0x687989]
V  [jvm.dll+0x84116a]
V  [jvm.dll+0x842dae]
V  [jvm.dll+0x843413]
V  [jvm.dll+0x249ccf]
V  [jvm.dll+0x684759]
V  [jvm.dll+0x67900a]
V  [jvm.dll+0x30ab0b]
V  [jvm.dll+0x311fb6]
V  [jvm.dll+0x361d5e]
V  [jvm.dll+0x361f8f]
V  [jvm.dll+0x2e07f8]
V  [jvm.dll+0x2e1764]
V  [jvm.dll+0x811c31]
V  [jvm.dll+0x36fc11]
V  [jvm.dll+0x7f0666]
V  [jvm.dll+0x3f3daf]
V  [jvm.dll+0x3f5a41]
C  [jli.dll+0x528f]
C  [ucrtbase.dll+0x29333]
C  [KERNEL32.DLL+0x1259d]
C  [ntdll.dll+0x5af78]


---------------  P R O C E S S  ---------------

Threads class SMR info:
_java_thread_list=0x00007fff728edf58, length=0, elements={
}

Java Threads: ( => current thread )

Other Threads:
  0x000001b02796e920 GCTaskThread "GC Thread#0" [stack: 0x00000034d6600000,0x00000034d6700000] [id=84576]
  0x000001b04d4b21e0 ConcurrentGCThread "G1 Main Marker" [stack: 0x00000034d6700000,0x00000034d6800000] [id=81124]
  0x000001b04d4b33a0 ConcurrentGCThread "G1 Conc#0" [stack: 0x00000034d6800000,0x00000034d6900000] [id=41748]

[error occurred during error reporting (printing all threads), id 0xc0000005, EXCEPTION_ACCESS_VIOLATION (0xc0000005) at pc=0x00007fff720a13c7]

VM state: not at safepoint (not fully initialized)

VM Mutex/Monitor currently owned by a thread:  ([mutex/lock_event])
[0x000001b0278bbcd0] Heap_lock - owner thread: 0x000001b0278bfb70

Heap address: 0x0000000601c00000, size: 8164 MB, Compressed Oops mode: Zero based, Oop shift amount: 3

CDS archive(s) mapped at: [0x0000000000000000-0x0000000000000000-0x0000000000000000), size 0, SharedBaseAddress: 0x0000000800000000, ArchiveRelocationMode: 1.
Narrow klass base: 0x0000000000000000, Narrow klass shift: 0, Narrow klass range: 0x0

GC Precious Log:
<Empty>

Heap:
 garbage-first heap   total 0K, used 0K [0x0000000601c00000, 0x0000000800000000)
  region size 4096K, 0 young (0K), 0 survivors (0K)
 Metaspace       used 0K, committed 0K, reserved 0K
  class space    used 0K, committed 0K, reserved 0K

Heap Regions: E=young(eden), S=young(survivor), O=old, HS=humongous(starts), HC=humongous(continues), CS=collection set, F=free, OA=open archive, CA=closed archive, TAMS=top-at-mark-start (previous, next)

Card table byte_map: [0x000001b03b580000,0x000001b03c580000] _byte_map_base: 0x000001b038572000

Marking Bits (Prev, Next): (CMBitMap*) 0x000001b04d4a19a0, (CMBitMap*) 0x000001b04d4a19e0
 Prev Bits: [0x000001b03d580000, 0x000001b045510000)
 Next Bits: [0x000001b045510000, 0x000001b04d4a0000)

GC Heap History (0 events):
No events

Dll operation events (1 events):
Event: 0.008 Loaded shared library D:\programs\JetBrains\PhpStorm2024.1\jbr\bin\java.dll

Deoptimization events (0 events):
No events

Classes unloaded (0 events):
No events

Classes redefined (0 events):
No events

Internal exceptions (0 events):
No events

VM Operations (0 events):
No events

Events (0 events):
No events


Dynamic libraries:
0x00007ff67d6f0000 - 0x00007ff67d6fa000 	D:\programs\JetBrains\PhpStorm2024.1\jbr\bin\java.exe
0x00007ff817cb0000 - 0x00007ff817ec7000 	C:\Windows\SYSTEM32\ntdll.dll
0x00007ff8171b0000 - 0x00007ff817274000 	C:\Windows\System32\KERNEL32.DLL
0x00007ff815020000 - 0x00007ff8153f2000 	C:\Windows\System32\KERNELBASE.dll
0x00007ff814da0000 - 0x00007ff814eb1000 	C:\Windows\System32\ucrtbase.dll
0x00007ff80c8c0000 - 0x00007ff80c8d7000 	D:\programs\JetBrains\PhpStorm2024.1\jbr\bin\jli.dll
0x00007ff80c4b0000 - 0x00007ff80c4cb000 	D:\programs\JetBrains\PhpStorm2024.1\jbr\bin\VCRUNTIME140.dll
0x00007ff8169b0000 - 0x00007ff816b61000 	C:\Windows\System32\USER32.dll
0x00007ff815730000 - 0x00007ff815756000 	C:\Windows\System32\win32u.dll
0x00007ff804020000 - 0x00007ff8042bb000 	C:\Windows\WinSxS\amd64_microsoft.windows.common-controls_6595b64144ccf1df_6.0.22621.5547_none_27104afb73855772\COMCTL32.dll
0x00007ff815b30000 - 0x00007ff815b59000 	C:\Windows\System32\GDI32.dll
0x00007ff815be0000 - 0x00007ff815c87000 	C:\Windows\System32\msvcrt.dll
0x00007ff8157e0000 - 0x00007ff815903000 	C:\Windows\System32\gdi32full.dll
0x00007ff814ec0000 - 0x00007ff814f5a000 	C:\Windows\System32\msvcp_win.dll
0x00007ff8176a0000 - 0x00007ff8176d1000 	C:\Windows\System32\IMM32.DLL
0x00007ff80e670000 - 0x00007ff80e67c000 	D:\programs\JetBrains\PhpStorm2024.1\jbr\bin\vcruntime140_1.dll
0x00007ff8063d0000 - 0x00007ff80645d000 	D:\programs\JetBrains\PhpStorm2024.1\jbr\bin\msvcp140.dll
0x00007fff71db0000 - 0x00007fff72a32000 	D:\programs\JetBrains\PhpStorm2024.1\jbr\bin\server\jvm.dll
0x00007ff8178d0000 - 0x00007ff817981000 	C:\Windows\System32\ADVAPI32.dll
0x00007ff817a70000 - 0x00007ff817b18000 	C:\Windows\System32\sechost.dll
0x00007ff814d70000 - 0x00007ff814d98000 	C:\Windows\System32\bcrypt.dll
0x00007ff8176e0000 - 0x00007ff8177f4000 	C:\Windows\System32\RPCRT4.dll
0x00007ffff51c0000 - 0x00007ffff51c9000 	C:\Windows\SYSTEM32\WSOCK32.dll
0x00007ff814c40000 - 0x00007ff814c8d000 	C:\Windows\SYSTEM32\POWRPROF.dll
0x00007ff80b1b0000 - 0x00007ff80b1e4000 	C:\Windows\SYSTEM32\WINMM.dll
0x00007ff817b30000 - 0x00007ff817ba1000 	C:\Windows\System32\WS2_32.dll
0x00007ff80ea80000 - 0x00007ff80ea8a000 	C:\Windows\SYSTEM32\VERSION.dll
0x00007ff814c20000 - 0x00007ff814c33000 	C:\Windows\SYSTEM32\UMPDC.dll
0x00007ff813d40000 - 0x00007ff813d58000 	C:\Windows\SYSTEM32\kernel.appcore.dll
0x00007ff80e060000 - 0x00007ff80e06a000 	D:\programs\JetBrains\PhpStorm2024.1\jbr\bin\jimage.dll
0x00007ff812480000 - 0x00007ff8126b3000 	C:\Windows\SYSTEM32\DBGHELP.DLL
0x00007ff817280000 - 0x00007ff817613000 	C:\Windows\System32\combase.dll
0x00007ff817990000 - 0x00007ff817a67000 	C:\Windows\System32\OLEAUT32.dll
0x00007ffff3490000 - 0x00007ffff34c2000 	C:\Windows\SYSTEM32\dbgcore.DLL
0x00007ff815760000 - 0x00007ff8157db000 	C:\Windows\System32\bcryptPrimitives.dll
0x00007ff80cb60000 - 0x00007ff80cb85000 	D:\programs\JetBrains\PhpStorm2024.1\jbr\bin\java.dll

dbghelp: loaded successfully - version: 4.0.5 - missing functions: none
symbol engine: initialized successfully - sym options: 0x614 - pdb path: .;D:\programs\JetBrains\PhpStorm2024.1\jbr\bin;C:\Windows\SYSTEM32;C:\Windows\WinSxS\amd64_microsoft.windows.common-controls_6595b64144ccf1df_6.0.22621.5547_none_27104afb73855772;D:\programs\JetBrains\PhpStorm2024.1\jbr\bin\server

VM Arguments:
java_command: externalApp.nativessh.NativeSshAskPassApp Enter passphrase for key '/c/Users/ghgmm/.ssh/id_rsa': 
java_class_path (initial): D:/programs/JetBrains/PhpStorm2024.1/lib/externalProcess-rt.jar
Launcher Type: SUN_STANDARD

[Global flags]
     intx CICompilerCount                          = 4                                         {product} {ergonomic}
     uint ConcGCThreads                            = 3                                         {product} {ergonomic}
     uint G1ConcRefinementThreads                  = 10                                        {product} {ergonomic}
   size_t G1HeapRegionSize                         = 4194304                                   {product} {ergonomic}
    uintx GCDrainStackTargetSize                   = 64                                        {product} {ergonomic}
   size_t InitialHeapSize                          = 536870912                                 {product} {ergonomic}
   size_t MarkStackSize                            = 4194304                                   {product} {ergonomic}
   size_t MaxHeapSize                              = 8560574464                                {product} {ergonomic}
   size_t MinHeapDeltaBytes                        = 4194304                                   {product} {ergonomic}
   size_t MinHeapSize                              = 8388608                                   {product} {ergonomic}
    uintx NonNMethodCodeHeapSize                   = 5839372                                {pd product} {ergonomic}
    uintx NonProfiledCodeHeapSize                  = 122909434                              {pd product} {ergonomic}
    uintx ProfiledCodeHeapSize                     = 122909434                              {pd product} {ergonomic}
    uintx ReservedCodeCacheSize                    = 251658240                              {pd product} {ergonomic}
     bool SegmentedCodeCache                       = true                                      {product} {ergonomic}
   size_t SoftMaxHeapSize                          = 8560574464                             {manageable} {ergonomic}
     bool UseCompressedClassPointers               = true                           {product lp64_product} {ergonomic}
     bool UseCompressedOops                        = true                           {product lp64_product} {ergonomic}
     bool UseG1GC                                  = true                                      {product} {ergonomic}
     bool UseLargePagesIndividualAllocation        = false                                  {pd product} {ergonomic}

Logging:
Log output configuration:
 #0: stdout all=warning uptime,level,tags
 #1: stderr all=off uptime,level,tags

Environment Variables:
PATH=C:\Program Files\Git\mingw64\libexec\git-core;C:\Program Files\Git\mingw64\bin;C:\Program Files\Git\usr\bin;C:\Users\ghgmm\bin;C:\Program Files\Common Files\Oracle\Java\javapath;C:\Program Files (x86)\Common Files\Oracle\Java\java8path;C:\Program Files (x86)\Common Files\Oracle\Java\javapath;C:\Program Files (x86)\Common Files\Intel\Shared Libraries\redist\intel64\compiler;C:\Windows\system32;C:\Windows;C:\Windows\System32\Wbem;C:\Windows\System32\WindowsPowerShell\v1.0;C:\Windows\System32\OpenSSH;C:\Program Files\NVIDIA Corporation\NVIDIA App\NvDLISR;C:\Program Files (x86)\NVIDIA Corporation\PhysX\Common;C:\ProgramData\chocolatey\bin;C:\Program Files (x86)\dotnet;C:\composer;C:\xampp\php;C:\Program Files\dotnet;C:\Program Files\Docker\Docker\resources\bin;C:\ffmpeg\bin;C:\Program Files\nodejs;C:\Program Files\Git\cmd;C:\Users\ghgmm\AppData\Local\Programs\Python\Python310\Scripts;C:\Users\ghgmm\AppData\Local\Programs\Python\Python310;C:\Users\ghgmm\scoop\shims;C:\Users\ghgmm\AppData\Local\Programs\Python\Python312\Scripts;C:\Users\ghgmm\AppData\Local\Programs\Python\Python312;C:\Program Files\MySQL\MySQL Shell 8.0\bin;C:\Users\ghgmm\AppData\Local\Microsoft\WindowsApps;C:\Users\ghgmm\AppData\Local\Programs\Microsoft VS Code\bin;C:\xampp\php;D:\programs\IntelliJ IDEA Community Edition 2024.1.2\bin;D:\programs\IntelliJ IDEA 2024.1.2\bin;D:\programs\PhpStorm 2024.1.1\bin;C:\Users\ghgmm\AppData\Local\Microsoft\WinGet\Links;C:\Users\ghgmm\AppData\Roaming\npm;C:\Users\ghgmm\AppData\Local\GitHubDesktop\bin
USERNAME=ghgmm
DISPLAY=:0.0
LC_ALL=en_US.UTF-8
TERM=xterm-256color
TMPDIR=C:\Users\ghgmm\AppData\Local\Temp
OS=Windows_NT
PROCESSOR_IDENTIFIER=Intel64 Family 6 Model 167 Stepping 1, GenuineIntel
TMP=C:\Users\ghgmm\AppData\Local\Temp
TEMP=C:\Users\ghgmm\AppData\Local\Temp



Periodic native trim disabled

JNI global refs:
JNI global refs: 0, weak refs: 0

JNI global refs memory usage: 0, weak refs: 0

OOME stack traces (most recent first):
Classloader memory used:


---------------  S Y S T E M  ---------------

OS:
 Windows 11 , 64 bit Build 22621 (10.0.22621.5415)
OS uptime: 4 days 18:44 hours
Hyper-V role detected

CPU: total 12 (initial active 12) (6 cores per cpu, 2 threads per core) family 6 model 167 stepping 1 microcode 0x54, cx8, cmov, fxsr, ht, mmx, 3dnowpref, sse, sse2, sse3, ssse3, sse4.1, sse4.2, popcnt, lzcnt, tsc, tscinvbit, avx, avx2, aes, erms, clmul, bmi1, bmi2, adx, avx512f, avx512dq, avx512cd, avx512bw, avx512vl, sha, fma, vzeroupper, avx512_vpopcntdq, avx512_vpclmulqdq, avx512_vaes, avx512_vnni, clflush, clflushopt, avx512_vbmi2, avx512_vbmi, hv
Processor Information for all 12 processors :
  Max Mhz: 2592, Current Mhz: 2592, Mhz Limit: 2592

Memory: 4k page, system-wide physical 32645M (9217M free)
TotalPageFile size 40837M (AvailPageFile size 396M)
current process WorkingSet (physical memory assigned to process): 11M, peak: 11M
current process commit charge ("private bytes"): 64M, peak: 576M

vm_info: OpenJDK 64-Bit Server VM (17.0.10+8-b1207.12) for windows-amd64 JRE (17.0.10+8-b1207.12), built on 2024-03-15 by "builduser" with MS VC++ 16.10 / 16.11 (VS2019)

END.
